REFERENCE SOLUTIONS (not learner completion)

offsets: <repo>/learning/solutions/offsets.py
  PASS partial final block
  PASS exact multiple
  PASS empty vector
  PASS one element
  PASS first block
  PASS tail mask

strides: <repo>/learning/solutions/strides.py
  PASS row gap
  PASS column stride and base
  PASS cropped rows
  PASS transpose
  PASS offset slice

reduction: <repo>/learning/solutions/reduction.py
  PASS width three
  PASS width five
  PASS one value
  PASS negative values
  PASS input unchanged

softmax: <repo>/learning/solutions/softmax.py
  PASS worked row
  PASS large positive logits
  PASS large negative logits
  PASS single element
  PASS shift invariant
  PASS normalized probabilities
  PASS input unchanged

rmsnorm: <repo>/learning/solutions/rmsnorm.py
  PASS worked row
  PASS zero residual sum
  PASS constant row stays nonzero
  PASS weight is per column
  PASS input unchanged

matmul: <repo>/learning/solutions/matmul.py
  PASS rectangular product
  PASS signed dot product
  PASS identity
  PASS ragged tiles
  PASS empty tile dimension
  PASS input unchanged

measurement: <repo>/learning/solutions/measurement.py
  PASS two times faster
  PASS slower candidate
  PASS milliseconds conversion
  PASS vector traffic
  PASS Amdahl limit
  PASS unchanged program

40 checks passed; 0 failed; 0 exercises incomplete; 0 unavailable.
