Triton / PyTorch speedup for the same FP16 suite in five runs on one RTX 4080 SUPER
that desktop applications (browser, Blender, editor) were also using.
  2026-09-25: the run recorded before this review; each case timed in one block of samples
  A, B: 2026-09-26, the same one-block method, kernels with the -inf softmax guard
  E: 2026-09-26 (warm only), three visits per case at random times, three rounds each
  final: 2026-09-26, the visits method; the recorded results/rtx4080super-triton-fp16*.json
A spread wider than about 15% marks a comparison this machine cannot resolve.

warm L2 | 2026-09-25 |          A |          B |          E |      final | spread
add 257 triton_256                   |      1.17x |      1.17x |      1.15x |      1.13x |      1.16x |    3%
add 257 triton_1024                  |      1.09x |      1.08x |      1.08x |      1.09x |      1.09x |    1%
add 1048576 triton_256               |      0.85x |      0.75x |      0.81x |      0.83x |      0.83x |   13%
add 1048576 triton_1024              |      1.01x |      1.00x |      1.00x |      1.01x |      1.01x |    2%
add 16777216 triton_256              |      0.99x |      0.82x |      1.02x |      1.04x |      0.98x |   28%
add 16777216 triton_1024             |      1.01x |      0.84x |      1.01x |      1.06x |      0.87x |   26%
row_sum 32x127 triton                |      1.69x |      1.05x |      1.64x |      1.30x |      1.42x |   61%
row_sum 1024x1024 triton             |      1.40x |      0.94x |      1.34x |      1.30x |      1.32x |   48%
row_sum 512x4097 triton              |      1.65x |      1.61x |      1.65x |      1.62x |      1.67x |    3%
row_sum 16384x4096 triton            |      1.00x |      1.32x |      1.00x |      0.82x |      0.83x |   62%
row_sum 4x32769 triton               |      1.12x |      1.12x |      1.12x |      1.05x |      1.11x |    7%
row_sum 64x131072 triton             |      2.91x |      3.32x |      2.90x |      2.89x |      2.41x |   38%
softmax 32x127 triton_4w             |      1.34x |      1.33x |      1.34x |      1.29x |      1.33x |    4%
softmax 32x127 triton_8w             |      1.33x |      1.33x |      1.33x |      1.29x |      1.31x |    3%
softmax 1024x1024 triton_4w          |      1.75x |      1.66x |      1.74x |      1.69x |      1.76x |    6%
softmax 1024x1024 triton_8w          |      1.26x |      1.27x |      1.27x |      1.30x |      1.27x |    3%
softmax 512x4097 triton_4w           |      2.53x |      2.50x |      2.55x |      2.49x |      2.52x |    3%
softmax 512x4097 triton_8w           |      2.27x |      2.22x |      2.26x |      2.21x |      2.27x |    3%
softmax 16384x4096 triton_4w         |      1.02x |      1.00x |      1.00x |      1.08x |      1.03x |    8%
softmax 16384x4096 triton_8w         |      1.02x |      1.00x |      1.02x |      1.04x |      1.07x |    7%
softmax 4x32769 triton               |      0.85x |      0.81x |      0.83x |      0.86x |      0.83x |    5%
softmax 64x131072 triton             |      1.20x |      1.27x |      1.31x |      1.13x |      1.15x |   17%
rmsnorm 32x127 triton                |     11.14x |     12.19x |     12.27x |     10.85x |     12.40x |   14%
rmsnorm 1024x1024 triton             |     10.98x |     12.06x |     10.97x |     11.21x |     11.25x |   10%
rmsnorm 512x4097 triton              |      6.93x |      7.21x |      5.36x |      6.14x |      7.11x |   35%
rmsnorm 16384x4096 triton            |      9.45x |      9.74x |      9.46x |      9.60x |      9.46x |    3%
rmsnorm 4x32769 triton               |      1.21x |      1.21x |      1.21x |      1.22x |      1.21x |    1%
rmsnorm 64x131072 triton             |     15.82x |     18.76x |     16.91x |     19.24x |     20.34x |   29%
matmul 127x255x65 triton_fixed       |      1.79x |      1.87x |      1.83x |      1.76x |      1.83x |    6%
matmul 127x255x65 triton_tuned       |      1.79x |      1.55x |      1.80x |      1.76x |      1.81x |   16%
matmul 512x512x512 triton_fixed      |      0.99x |      1.00x |      1.00x |      1.00x |      0.99x |    1%
matmul 512x512x512 triton_tuned      |      1.13x |      1.13x |      1.12x |      1.12x |      1.13x |    1%
matmul 1024x1024x1024 triton_fixed   |      0.93x |      0.93x |      0.93x |      0.98x |      0.92x |    6%
matmul 1024x1024x1024 triton_tuned   |      1.01x |      1.01x |      1.01x |      1.08x |      1.01x |    8%
matmul 4096x4096x4096 triton_fixed   |      0.80x |      0.75x |      0.78x |      0.74x |      0.75x |    9%
matmul 4096x4096x4096 triton_tuned   |      1.12x |      1.04x |      1.09x |      1.03x |      1.03x |    9%

cold L2 | 2026-09-25 |          A |          B |      final | spread
add 257 triton_256                   |      1.04x |      1.04x |      1.01x |      1.01x |    3%
add 257 triton_1024                  |      1.02x |      1.03x |      1.01x |      1.01x |    2%
add 1048576 triton_256               |      1.03x |      1.14x |      1.04x |      1.00x |   14%
add 1048576 triton_1024              |      0.99x |      1.02x |      1.01x |      0.98x |    3%
add 16777216 triton_256              |      0.97x |      0.90x |      0.94x |      1.08x |   19%
add 16777216 triton_1024             |      1.00x |      0.89x |      1.01x |      0.96x |   12%
row_sum 32x127 triton                |      1.15x |      1.15x |      1.17x |      1.20x |    4%
row_sum 1024x1024 triton             |      1.05x |      1.06x |      1.06x |      1.05x |    1%
row_sum 512x4097 triton              |      1.25x |      1.23x |      1.25x |      0.90x |   40%
row_sum 16384x4096 triton            |      1.00x |      1.00x |      1.00x |      0.91x |   10%
row_sum 4x32769 triton               |      1.00x |      1.00x |      0.99x |      1.02x |    3%
row_sum 64x131072 triton             |      1.13x |      1.64x |      1.14x |      0.86x |   90%
softmax 32x127 triton_4w             |      1.13x |      1.14x |      1.12x |      1.15x |    2%
softmax 32x127 triton_8w             |      1.14x |      1.13x |      1.13x |      1.13x |    1%
softmax 1024x1024 triton_4w          |      1.55x |      1.67x |      1.55x |      1.23x |   36%
softmax 1024x1024 triton_8w          |      1.55x |      1.55x |      1.56x |      1.21x |   28%
softmax 512x4097 triton_4w           |      1.43x |      1.38x |      1.37x |      1.35x |    5%
softmax 512x4097 triton_8w           |      1.33x |      1.28x |      1.28x |      1.30x |    5%
softmax 16384x4096 triton_4w         |      1.06x |      1.08x |      1.09x |      1.05x |    3%
softmax 16384x4096 triton_8w         |      1.06x |      1.05x |      1.10x |      1.05x |    5%
softmax 4x32769 triton               |      0.94x |      0.90x |      0.93x |      0.93x |    5%
softmax 64x131072 triton             |      0.95x |      0.94x |      1.08x |      1.04x |   15%
rmsnorm 32x127 triton                |      3.68x |      4.00x |      4.13x |      4.15x |   13%
rmsnorm 1024x1024 triton             |      3.66x |      3.86x |      3.75x |      4.86x |   33%
rmsnorm 512x4097 triton              |      3.64x |      3.67x |      3.42x |      4.20x |   23%
rmsnorm 16384x4096 triton            |      9.58x |      9.75x |      9.67x |      9.74x |    2%
rmsnorm 4x32769 triton               |      1.48x |      1.51x |      1.55x |      1.53x |    5%
rmsnorm 64x131072 triton             |      3.45x |      3.84x |      3.69x |      3.78x |   11%
matmul 127x255x65 triton_fixed       |      1.33x |      1.39x |      1.28x |      1.43x |   12%
matmul 127x255x65 triton_tuned       |      1.26x |      1.35x |      1.28x |      1.40x |   11%
matmul 512x512x512 triton_fixed      |      0.59x |      0.58x |      0.56x |      0.58x |    4%
matmul 512x512x512 triton_tuned      |      0.79x |      0.83x |      0.80x |      0.79x |    5%
matmul 1024x1024x1024 triton_fixed   |      1.01x |      1.01x |      1.00x |      0.98x |    3%
matmul 1024x1024x1024 triton_tuned   |      1.33x |      1.32x |      1.32x |      1.12x |   18%
matmul 4096x4096x4096 triton_fixed   |      0.79x |      0.77x |      0.77x |      0.75x |    5%
matmul 4096x4096x4096 triton_tuned   |      1.09x |      1.10x |      1.05x |      1.05x |    4%

