80 SMs. Median microseconds per call; split/loop is the best split plan's time
over the best looped plan's, so a value below 1 means splitting wins.
op        rows    width   L8192/16   L4096/8   L2048/4   L1024/4   S2048/4   S4096/8  split/loop      auto
softmax      1    12288       3.79      3.35      3.98      5.09      2.75      3.45        0.82   S2048/4
rmsnorm      1    12288       2.87      2.97      3.74      4.09      2.64      2.87        0.92  L8192/16
softmax      2    12288       3.79      3.28      3.98      5.11      3.28      4.30        1.00   S2048/4
rmsnorm      2    12288       2.53      2.66      3.67      4.06      2.56      2.85        1.01  L8192/16
softmax      4    12288       3.79      3.36      3.96      5.12      2.76      2.93        0.82   S2048/4
rmsnorm      4    12288       2.87      3.06      3.87      4.19      2.76      3.48        0.96  L8192/16
softmax      8    12288       3.89      3.36      3.99      5.43      2.87      3.05        0.85   S2048/4
rmsnorm      8    12288       2.87      3.07      3.76      4.09      3.38      3.48        1.18  L8192/16
softmax     16    12288       5.09      4.81      5.40      6.35      6.45      6.04        1.26   S2048/4
rmsnorm     16    12288       2.97      3.04      3.38      4.10      2.76      3.28        0.93  L8192/16
softmax     32    12288       3.99      3.48      3.99      5.12      5.22      4.53        1.30   S2048/4
rmsnorm     32    12288       3.07      3.17      3.79      4.20      3.68      3.79        1.20  L8192/16
softmax     64    12288       4.19      3.67      4.10      5.21      4.08      4.17        1.11   S2048/4
rmsnorm     64    12288       3.57      3.64      4.10      4.51      4.71      4.89        1.32  L8192/16
softmax     80    12288       4.39      3.78      4.17      5.12      4.51      4.49        1.19   L4096/8
rmsnorm     80    12288       5.57      5.84      5.12      5.40      6.48      6.44        1.26   L4096/8
softmax     96    12288       6.14      5.84      5.84      6.76      9.83      7.97        1.37   L4096/8
rmsnorm     96    12288       5.11      4.58      5.53      5.71      6.75      5.94        1.30   L4096/8
softmax    128    12288       6.35      6.16      5.94      7.07      9.64      9.73        1.62   L4096/8
rmsnorm    128    12288       7.94      7.85      6.74      8.19      8.25      8.28        1.23   L4096/8
softmax    192    12288       8.37      6.52      7.03      7.99      7.24      7.27        1.11   L4096/8
rmsnorm    192    12288       7.58      7.17      7.48      7.37      9.41      9.22        1.29   L4096/8
softmax    256    12288      10.51      8.19      8.50      9.00      8.76      8.50        1.04   L4096/8
rmsnorm    256    12288      10.62      9.90      9.83     10.14     11.88     12.60        1.21   L4096/8
softmax    384    12288      13.11      9.60     10.34     11.12     11.06     11.47        1.15   L4096/8
rmsnorm    384    12288      14.03     13.31     13.48     13.41     16.08     15.83        1.19   L4096/8
softmax    512    12288      17.82     12.90     12.60     14.03     14.23     14.75        1.13   L4096/8
rmsnorm    512    12288      17.31     17.38     17.27     18.53     19.46     19.56        1.13   L4096/8
softmax    768    12288      24.78     16.49     16.65     17.51     19.05     19.46        1.16   L4096/8
rmsnorm    768    12288      27.24     26.11     27.34     26.42     31.74     31.03        1.19   L4096/8
softmax   1024    12288      31.94     23.04     23.20     24.55     26.73     28.86        1.16   L4096/8
rmsnorm   1024    12288     105.78     90.32     78.01     95.54    114.28    115.20        1.46   L4096/8
softmax   1536    12288      81.00    107.93     77.62     70.14    103.10    123.28        1.47   L4096/8
rmsnorm   1536    12288     172.74    172.44    184.39    172.75    280.47    280.06        1.62   L4096/8
softmax   2048    12288     154.21    157.80    153.37    166.40    228.34    229.76        1.49   L4096/8
rmsnorm   2048    12288     233.37    231.30    249.77    232.76    369.25    372.84        1.60   L4096/8
softmax      1    16384       3.79      3.85      4.79      6.25      2.66      2.95        0.70   S2048/4
rmsnorm      1    16384       3.17      3.38      4.46      5.32      2.76      2.87        0.87  L8192/16
softmax      2    16384       3.86      3.89      4.71      6.74      4.71      4.58        1.19   S2048/4
rmsnorm      2    16384       3.17      3.38      4.40      5.39      2.66      2.87        0.84  L8192/16
softmax      4    16384       3.86      3.79      4.71      6.25      2.76      2.97        0.73   S2048/4
rmsnorm      4    16384       5.87      6.76      5.50      5.32      7.19      8.24        1.35  L8192/16
softmax      8    16384       3.79      3.88      4.77      6.25      2.87      3.06        0.76   S2048/4
rmsnorm      8    16384       3.24      3.48      4.40      5.39      2.97      3.07        0.92  L8192/16
softmax     16    16384       3.89      3.89      4.79      6.30      3.17      3.17        0.82   S2048/4
rmsnorm     16    16384       3.28      3.46      4.51      5.43      3.38      3.48        1.03  L8192/16
softmax     32    16384       3.69      3.89      4.81      6.34      3.58      3.79        0.97   S2048/4
rmsnorm     32    16384       3.48      3.69      4.67      5.43      3.99      4.19        1.15  L8192/16
softmax     64    16384       4.30      4.20      4.91      6.32      4.60      4.59        1.09   S2048/4
rmsnorm     64    16384       4.09      4.28      4.92      5.63      5.63      5.72        1.38  L8192/16
softmax     80    16384       4.51      4.40      4.92      6.35      5.12      5.12        1.16   L4096/8
rmsnorm     80    16384       4.51      4.67      5.42      6.01      6.35      6.61        1.41   L4096/8
softmax     96    16384       5.83      6.04      6.35      7.88      5.63      5.73        0.97   L4096/8
rmsnorm     96    16384       5.73      5.22      5.73      6.25      6.76      7.05        1.29   L4096/8
softmax    128    16384       6.14      5.94      6.76      8.27      6.45      6.84        1.09   L4096/8
rmsnorm    128    16384       6.85      6.66      7.17      7.67      8.60      8.60        1.29   L4096/8
softmax    192    16384       8.70      8.06      8.40      9.91      8.19      8.57        1.02   L4096/8
rmsnorm    192    16384      10.10      9.18      9.38      9.83     11.57     11.67        1.26   L4096/8
softmax    256    16384      10.94      9.52     10.40     11.26     10.14     10.44        1.06   L4096/8
rmsnorm    256    16384      12.89     12.28     12.08     11.86     14.42     14.72        1.22   L4096/8
softmax    384    16384      13.91     12.05     13.21     14.01     14.23     14.13        1.17   L4096/8
rmsnorm    384    16384      17.31     17.30     17.48     16.88     19.46     19.87        1.15   L4096/8
softmax    512    16384      17.78     15.16     16.18     17.61     17.08     17.79        1.13   L4096/8
rmsnorm    512    16384      24.88     24.88     24.47     25.09     27.81     28.06        1.14   L4096/8
softmax    768    16384      25.40     22.00     22.63     24.25     26.37     27.75        1.20   L4096/8
rmsnorm    768    16384      99.73     80.44     81.31     96.36    109.36    108.22        1.35   L4096/8
softmax   1024    16384      56.01     44.65     37.99     38.81     54.46     69.53        1.43   L4096/8
rmsnorm   1024    16384     152.78    151.65    154.49    214.12    235.83    240.61        1.56   L4096/8
softmax   1536    16384     156.26    155.84    157.18    176.84    229.68    233.37        1.47   L4096/8
rmsnorm   1536    16384     232.76    231.73    251.90    291.72    369.87    373.04        1.60   L4096/8
softmax   2048    16384     212.99    209.59    216.37    256.10    308.33    307.61        1.47   L4096/8
rmsnorm   2048    16384     310.27    311.60    342.94    430.68    498.25    497.87        1.60   L4096/8
softmax      1    24576       4.48      4.81      6.35      8.69      2.75      2.97        0.61   S2048/4
rmsnorm      1    24576       4.20      4.71      5.94      7.15      3.15      2.94        0.70   S2048/4
softmax      2    24576       4.46      4.81      6.35      8.68      3.26      2.97        0.67   S2048/4
rmsnorm      2    24576       4.19      4.69      5.94      7.13      2.75      2.87        0.65   S2048/4
softmax      4    24576       4.51      4.81      6.41      8.60      2.96      3.07        0.66   S2048/4
rmsnorm      4    24576       4.20      4.61      5.84      6.86      2.87      3.07        0.68   S2048/4
softmax      8    24576       4.51      4.88      6.41      8.69      2.97      3.17        0.66   S2048/4
rmsnorm      8    24576       3.99      4.77      5.94      7.17      3.17      3.28        0.79   S2048/4
softmax     16    24576       4.61      4.92      6.45      8.70      3.38      3.38        0.73   S2048/4
rmsnorm     16    24576       4.40      4.81      6.10      7.25      3.67      3.79        0.83   S2048/4
softmax     32    24576       4.71      5.01      6.45      8.81      4.16      4.26        0.88   S2048/4
rmsnorm     32    24576       4.81      5.12      6.25      7.37      4.92      4.92        1.02   S2048/4
softmax     64    24576       5.43      5.43      6.64      8.81      5.73      6.35        1.06   S2048/4
rmsnorm     64    24576       5.73      6.04      7.15      7.96      7.27      7.56        1.27   S2048/4
softmax     80    24576       5.81      5.84      6.96      8.81      6.76      6.65        1.14   L4096/8
rmsnorm     80    24576       6.35      6.66      7.85      8.50      8.40      8.40        1.32   L4096/8
softmax     96    24576       8.25      7.99      9.22     12.17      7.15      7.27        0.90   L4096/8
rmsnorm     96    24576       8.28      7.99      8.68      9.29      9.30      9.22        1.15   L4096/8
softmax    128    24576       8.60      8.17      9.52     12.29      8.40      8.59        1.03   L4096/8
rmsnorm    128    24576       9.81     10.04     10.24     10.65     11.26     11.26        1.15   L4096/8
softmax    192    24576      11.85     10.65     11.83     13.80     11.16     11.47        1.05   L4096/8
rmsnorm    192    24576      15.67     13.70     13.72     13.79     15.46     15.55        1.13   L4096/8
softmax    256    24576      14.75     13.21     14.85     15.97     13.80     14.03        1.04   L4096/8
rmsnorm    256    24576      17.61     18.43     17.30     17.28     19.75     20.17        1.14   L4096/8
softmax    384    24576      18.50     16.69     18.64     20.48     19.15     19.56        1.15   L4096/8
rmsnorm    384    24576      27.40     27.33     28.57     28.06     32.46     31.23        1.14   L4096/8
softmax    512    24576      24.68     22.70     24.55     27.24     26.42     27.75        1.16   L4096/8
rmsnorm    512    24576      97.69     80.76     77.70     97.79    114.88    111.51        1.44   L4096/8
softmax    768    24576      81.41     89.50     76.19     63.37    103.42    122.68        1.63   L4096/8
rmsnorm    768    24576     171.30    177.77    257.43    272.49    278.01    278.02        1.62   L4096/8
softmax   1024    24576     156.15    156.47    172.03    199.87    227.70    231.22        1.46   L4096/8
rmsnorm   1024    24576     228.97    247.30    333.29    337.61    370.28    374.68        1.62   L4096/8
softmax   1536    24576     234.98    239.27    276.28    307.16    356.14    358.09        1.52   L4096/8
rmsnorm   1536    24576     348.77    379.16    528.59    540.26    659.33    564.53        1.62   L4096/8
softmax   2048    24576     318.96    317.62    383.28    435.51    489.57    463.97        1.46   L4096/8
rmsnorm   2048    24576     464.86    512.92    826.57    678.50    872.14    818.38        1.76   L4096/8
softmax      1    28672       6.25      5.32      7.48     10.44      3.79      3.48        0.65   S2048/4
rmsnorm      1    28672       4.99      4.92      8.81      8.39      4.95      4.92        1.00   S2048/4
softmax      2    28672       5.81      5.32      7.56     10.85      4.89      4.43        0.83   S2048/4
rmsnorm      2    28672       4.98      4.98      8.70      8.40      2.74      2.97        0.55   S2048/4
softmax      4    28672       8.19      7.78      9.01     11.67      5.22      5.36        0.67   S2048/4
rmsnorm      4    28672       4.91      4.98      8.81      8.29      2.86      3.07        0.58   S2048/4
softmax      8    28672       5.40      5.22      7.25     10.14      3.07      2.87        0.55   S2048/4
rmsnorm      8    28672       5.01      5.73      8.89      8.40      6.12      6.35        1.22   S2048/4
softmax     16    28672       5.81      5.39      7.64     10.42      3.55      3.58        0.66   S2048/4
rmsnorm     16    28672       5.00      5.18      8.79      8.09      3.79      3.69        0.74   S2048/4
softmax     32    28672       5.90      5.43      7.68     10.44      4.30      4.40        0.79   S2048/4
rmsnorm     32    28672       6.68      7.15      9.11      9.20     10.55     10.02        1.50   S2048/4
softmax     64    28672       7.07      6.55      7.87     10.55      6.44      6.85        0.98   S2048/4
rmsnorm     64    28672       6.66      6.66      9.52      9.22      7.88      8.09        1.18   S2048/4
softmax     80    28672       6.52      6.04      7.68     10.24      6.62      6.84        1.10   L4096/8
rmsnorm     80    28672       7.64      7.64     10.24      9.93      9.01      9.10        1.18   L4096/8
softmax     96    28672      10.04      8.50      9.73     13.31      7.34      7.56        0.86   L4096/8
rmsnorm     96    28672       9.42      9.39     11.03     10.85     10.34     10.24        1.09   L4096/8
softmax    128    28672      10.72      9.11     10.84     14.03      9.42      9.93        1.03   L4096/8
rmsnorm    128    28672      12.90     12.59     13.19     13.21     13.41     13.72        1.07   L4096/8
softmax    192    28672      15.67     13.52     13.90     18.29     13.38     13.51        0.99   L4096/8
rmsnorm    192    28672      18.00     20.77     19.15     20.48     20.48     21.71        1.14   L4096/8
softmax    256    28672      19.35     15.63     17.61     20.16     15.77     16.08        1.01   L4096/8
rmsnorm    256    28672      23.22     21.50     21.68     21.30     24.47     23.96        1.13   L4096/8
softmax    384    28672      23.31     19.74     22.53     24.78     22.53     23.04        1.14   L4096/8
rmsnorm    384    28672      33.28     34.79     33.87     37.46     42.09     52.00        1.26   L4096/8
softmax    512    28672      33.79     27.44     30.29     31.74     32.67     34.00        1.19   L4096/8
rmsnorm    512    28672     129.13    125.40     96.24    172.95    175.62    178.06        1.82   L4096/8
softmax    768    28672     128.72    125.44    133.40    122.57    179.30    182.17        1.46   L4096/8
rmsnorm    768    28672     204.26    210.43    322.25    331.16    327.48    333.52        1.60   L4096/8
softmax   1024    28672     182.58    188.40    218.93    264.50    268.19    275.05        1.47   L4096/8
rmsnorm   1024    28672     267.78    285.90    463.46    408.47    436.33    434.48        1.62   L4096/8
softmax   1536    28672     277.40    284.53    372.63    383.87    419.40    430.18        1.51   L4096/8
rmsnorm   1536    28672     409.17    508.93    706.52    654.13    694.99    714.34        1.70   L4096/8
softmax   2048    28672     367.50    376.01    470.73    532.87    611.22    544.87        1.48   L4096/8
rmsnorm   2048    28672     689.97    667.11    960.51    888.01   1013.15   1005.95        1.51   L4096/8
softmax      1    32000       5.82      6.84     10.01     12.79      2.76      2.97        0.48   S2048/4
rmsnorm      1    32000       5.22      6.45      9.79     12.19      2.65      2.93        0.51   S2048/4
softmax      2    32000       5.81      6.76      9.99     12.70      3.47      3.38        0.58   S2048/4
rmsnorm      2    32000       5.32      6.55      9.81     12.19      2.76      2.94        0.52   S2048/4
softmax      4    32000       5.81      6.76      9.93     12.80      2.87      3.07        0.49   S2048/4
rmsnorm      4    32000       5.29      6.66     10.04     12.29      3.28      3.07        0.58   S2048/4
softmax      8    32000       6.00      6.55      9.93     12.60      3.69      3.28        0.55   S2048/4
rmsnorm      8    32000       5.32      6.66     10.04     12.36      3.27      3.38        0.61   S2048/4
softmax     16    32000       5.84      6.84     10.00     12.90      3.58      3.85        0.61   S2048/4
rmsnorm     16    32000       5.49      6.66     10.85     12.39      3.99      4.10        0.73   S2048/4
softmax     32    32000       5.53      6.55      9.73     12.60      4.70      4.59        0.83   S2048/4
rmsnorm     32    32000       5.63      6.96     10.22     12.66      5.53      5.52        0.98   S2048/4
softmax     64    32000       6.66      7.98     10.21     13.11      6.52      6.83        0.98   S2048/4
rmsnorm     64    32000       7.48      8.19     10.75     12.98      8.50      8.97        1.14   S2048/4
softmax     80    32000       7.13      7.86     10.42     13.00      7.55      7.77        1.06  L8192/16
rmsnorm     80    32000       8.47      9.01     11.57     13.11      9.52      9.91        1.12  L8192/16
softmax     96    32000      10.04     10.52     12.60     16.06      8.29      8.47        0.83  L8192/16
rmsnorm     96    32000      10.24     10.44     12.39     14.11     11.16     11.26        1.09  L8192/16
softmax    128    32000      10.65     10.75     13.18     16.59     10.11     10.34        0.95  L8192/16
rmsnorm    128    32000      12.68     12.66     13.62     14.95     14.22     14.44        1.12  L8192/16
softmax    192    32000      14.95     14.34     16.36     18.94     14.13     14.02        0.98  L8192/16
rmsnorm    192    32000      17.92     17.82     17.60     18.12     19.22     19.66        1.09  L8192/16
softmax    256    32000      18.83     17.72     20.44     22.12     16.96     17.51        0.96  L8192/16
rmsnorm    256    32000      26.20     24.58     24.06     24.46     26.32     26.42        1.09  L8192/16
softmax    384    32000      24.17     23.94     26.31     28.77     25.91     28.36        1.08  L8192/16
rmsnorm    384    32000      66.76     53.45     49.03     55.91    105.56    105.16        2.15  L8192/16
softmax    512    32000      42.68     34.71     37.44     42.88     45.25     41.88        1.21  L8192/16
rmsnorm    512    32000     147.76    180.84    207.55    216.15    225.99    231.18        1.53  L8192/16
softmax    768    32000     149.20    152.68    194.97    205.00    222.89    223.23        1.49  L8192/16
rmsnorm    768    32000     228.66    340.57    425.06    407.35    451.28    424.53        1.86  L8192/16
softmax   1024    32000     210.64    211.97    265.42    345.50    308.91    306.59        1.46  L8192/16
rmsnorm   1024    32000     405.68    444.82    508.31    508.42    491.59    649.90        1.21  L8192/16
softmax   1536    32000     436.40    324.09    542.82    452.40    457.22    500.84        1.41  L8192/16
rmsnorm   1536    32000     551.22    769.63   1033.63    844.06    916.68    813.26        1.48  L8192/16
softmax   2048    32000     412.14    430.58    686.44    746.90    772.81    779.37        1.88  L8192/16
rmsnorm   2048    32000     843.37   1186.71   1141.24   1155.99   1190.09   1597.54        1.41  L8192/16
softmax      1    50257      12.08     14.64     22.52     30.17      3.16      3.28        0.26   S2048/4
rmsnorm      1    50257      18.84     19.31     22.32     32.05      3.17      3.55        0.17   S2048/4
softmax      2    50257      12.08     14.64     22.52     30.11      3.35      3.79        0.28   S2048/4
rmsnorm      2    50257      19.87     19.95     22.40     32.05      3.28      3.76        0.16   S2048/4
softmax      4    50257      11.98     14.64     22.53     30.52      3.28      3.28        0.27   S2048/4
rmsnorm      4    50257      19.66     20.07     22.43     32.05      3.58      3.89        0.18   S2048/4
softmax      8    50257      12.15     14.84     22.53     30.11      3.87      3.99        0.32   S2048/4
rmsnorm      8    50257      20.48     21.46     23.20     32.56      4.58      5.12        0.22   S2048/4
softmax     16    50257      11.98     14.82     22.09     29.70      4.92      5.12        0.41   S2048/4
rmsnorm     16    50257      20.54     21.40     23.35     32.77      6.31      6.54        0.31   S2048/4
softmax     32    50257      12.39     14.94     22.63     30.21      7.86      8.07        0.63   S2048/4
rmsnorm     32    50257      20.68     21.50     23.24     32.87      9.52      9.83        0.46   S2048/4
softmax     64    50257      15.26     15.77     22.43     29.90     12.80     12.80        0.84   S2048/4
rmsnorm     64    50257      22.73     21.61     23.55     33.08     15.13     15.63        0.70   S2048/4
softmax     80    50257      17.31     18.23     23.86     31.13     16.18     15.86        0.92  L8192/16
rmsnorm     80    50257      23.22     21.81     23.86     33.28     18.02     18.59        0.83  L8192/16
softmax     96    50257      27.71     23.45     26.68     32.97     17.82     18.39        0.76  L8192/16
rmsnorm     96    50257      38.48     36.13     34.20     39.12     20.96     21.61        0.61  L8192/16
softmax    128    50257      29.07     27.24     30.11     33.69     22.69     23.45        0.83  L8192/16
rmsnorm    128    50257      39.94     37.66     35.53     39.83     27.02     27.72        0.76  L8192/16
softmax    192    50257      47.00     37.96     40.65     42.90     33.18     34.10        0.87  L8192/16
rmsnorm    192    50257      58.88     52.53     50.26     52.94     40.22     40.96        0.80  L8192/16
softmax    256    50257      55.68     51.19     52.32     54.58     44.65     45.65        0.87  L8192/16
rmsnorm    256    50257     112.13    114.07     92.47     93.59    113.97    108.95        1.18  L8192/16
softmax    384    50257     144.49     84.68     90.32     97.48    129.74    127.08        1.50  L8192/16
rmsnorm    384    50257     185.45    223.23    289.79    283.12    320.37    379.89        1.73  L8192/16
softmax    512    50257     168.32    172.24    213.30    214.73    287.64    216.58        1.29  L8192/16
rmsnorm    512    50257     252.49    373.43    430.88    491.83    475.55    536.17        1.88  L8192/16
softmax    768    50257     244.22    251.90    360.96    380.72    363.41    354.27        1.45  L8192/16
rmsnorm    768    50257     369.66    505.45    735.44    577.13    592.18    582.96        1.58  L8192/16
softmax   1024    50257     326.35    330.24    472.03    532.13    481.66    477.49        1.46  L8192/16
rmsnorm   1024    50257     516.61    713.83    886.74    860.33    902.04    840.50        1.63  L8192/16
softmax   1536    50257     548.66    576.31    852.28    882.07    915.25    770.25        1.40  L8192/16
rmsnorm   1536    50257     815.72   1122.10   1359.96   1352.77   1354.14   1341.71        1.64  L8192/16
softmax   2048    50257     787.25    791.14   1268.33   1346.25   1199.70   1148.83        1.46  L8192/16
rmsnorm   2048    50257    1104.18   1537.71   1781.25   1790.26   1859.69   1817.40        1.65  L8192/16
softmax      1    65536       9.01     11.16     17.61     27.24      2.97      3.15        0.33   S2048/4
rmsnorm      1    65536       9.22     10.64     17.51     20.46      2.87      3.03        0.31   S2048/4
softmax      2    65536       9.00     11.16     17.60     27.21      3.06      3.17        0.34   S2048/4
rmsnorm      2    65536       9.19     10.75     17.81     20.68      3.07      3.17        0.33   S2048/4
softmax      4    65536       9.09     11.25     17.51     27.14      3.27      3.57        0.36   S2048/4
rmsnorm      4    65536       9.28     10.83     18.01     21.30      3.48      3.66        0.38   S2048/4
softmax      8    65536       9.11     11.22     17.72     27.24      3.77      3.95        0.41   S2048/4
rmsnorm      8    65536       9.29     10.85     18.02     20.89      3.99      4.20        0.43   S2048/4
softmax     16    65536       9.22     11.37     17.70     27.24      4.88      4.68        0.51   S2048/4
rmsnorm     16    65536       9.39     10.85     18.33     20.99      5.53      5.63        0.59   S2048/4
softmax     32    65536       9.41     11.47     17.82     27.24      6.84      6.66        0.71   S2048/4
rmsnorm     32    65536       9.93     11.16     18.32     20.99      9.01      8.60        0.87   S2048/4
softmax     64    65536      11.02     12.19     18.21     27.44     10.75     10.40        0.94   S2048/4
rmsnorm     64    65536      13.71     14.13     19.53     21.91     14.34     14.41        1.05   S2048/4
softmax     80    65536      11.98     13.11     18.30     27.44     11.96     12.29        1.00  L8192/16
rmsnorm     80    65536      15.87     16.25     20.37     22.53     17.10     17.40        1.08  L8192/16
softmax     96    65536      16.90     17.72     20.79     29.49     13.80     14.03        0.82  L8192/16
rmsnorm     96    65536      24.23     20.28     23.14     24.66     20.17     19.93        0.98  L8192/16
softmax    128    65536      17.82     17.92     22.18     29.18     17.20     17.70        0.97  L8192/16
rmsnorm    128    65536      27.52     26.73     27.96     30.31     27.85     28.16        1.04  L8192/16
softmax    192    65536      31.74     28.98     32.26     37.99     30.62     29.77        1.03  L8192/16
rmsnorm    192    65536      92.57     55.09     58.44     63.80    116.53    117.35        2.12  L8192/16
softmax    256    65536      38.40     62.87     53.04    104.86     57.14     65.64        1.49  L8192/16
rmsnorm    256    65536     157.70    225.87    182.14    196.06    237.77    252.01        1.51  L8192/16
softmax    384    65536     159.95    181.15    216.88    179.80    223.64    230.50        1.40  L8192/16
rmsnorm    384    65536     233.27    370.07    372.74    373.55    374.35    375.81        1.60  L8192/16
softmax    512    65536     217.90    261.12    311.99    309.04    307.51    307.69        1.41  L8192/16
rmsnorm    512    65536     310.58    501.64    499.61    497.53    502.37    503.09        1.62  L8192/16
softmax    768    65536     328.40    414.31    452.91    467.44    467.97    460.26        1.40  L8192/16
rmsnorm    768    65536     472.06    822.78    768.72    798.52    848.17    783.46        1.66  L8192/16
softmax   1024    65536     436.19    562.48    616.24    629.85    620.10    620.12        1.42  L8192/16
rmsnorm   1024    65536    1051.75   2107.67   1496.78   2502.14   1679.97   2128.90        1.60  L8192/16
softmax   1536    65536    1479.78   2061.52   2102.58   2375.37   2184.29   2142.82        1.45  L8192/16
rmsnorm   1536    65536     997.38   1605.70   1584.74   1606.66   1595.29   1620.78        1.60  L8192/16
softmax   2048    65536     911.77   1189.79   1281.13   1290.55   1297.70   1284.47        1.41  L8192/16
rmsnorm   2048    65536    1299.97   2070.53   2068.66   2043.48   2115.89   2128.18        1.63  L8192/16
softmax      1   128256      17.61     21.71     38.71    103.12      3.07      2.87        0.16   S4096/8
rmsnorm      1   128256      16.59     22.32     36.35    105.37      3.17      3.17        0.19   S4096/8
softmax      2   128256      18.00     21.91     38.26     54.37      3.56      3.28        0.18   S4096/8
rmsnorm      2   128256      16.79     21.18     34.98     44.60      4.10      3.89        0.23   S4096/8
softmax      4   128256      18.02     22.41     38.60     54.68      3.98      4.37        0.22   S4096/8
rmsnorm      4   128256      16.38     21.09     34.16     43.91      4.40      4.20        0.26   S4096/8
softmax      8   128256      17.92     22.32     37.99     54.78      5.11      4.67        0.26   S4096/8
rmsnorm      8   128256      16.38     21.59     34.51     44.44      5.73      5.63        0.34   S4096/8
softmax     16   128256      19.25     23.04     38.06     54.89      7.58      7.27        0.38   S4096/8
rmsnorm     16   128256      16.59     21.40     34.41     44.54      9.40      8.91        0.54   S4096/8
softmax     32   128256      18.33     23.14     38.40     55.71     10.55     10.34        0.56   S4096/8
rmsnorm     32   128256      16.88     22.53     35.43     44.85     14.75     14.52        0.86   S4096/8
softmax     64   128256      20.79     23.76     38.80     55.27     17.51     17.51        0.84   S4096/8
rmsnorm     64   128256      26.73     29.17     38.56     47.51     28.35     27.42        1.03   S4096/8
softmax     80   128256      23.22     25.29     39.20     55.78     21.50     21.40        0.92  L8192/16
rmsnorm     80   128256      32.56     37.38     47.00     50.04     37.36     40.55        1.15  L8192/16
softmax     96   128256      33.18     35.94     46.18     60.01     26.01     26.08        0.78  L8192/16
rmsnorm     96   128256      56.32     55.50     76.36     90.42    105.57    101.17        1.82  L8192/16
softmax    128   128256      39.94     45.77     61.95     79.56     44.13     46.08        1.11  L8192/16
rmsnorm    128   128256     212.48    179.09    148.75    176.23    224.15    224.76        1.51  L8192/16
softmax    192   128256     184.22    207.13    195.68    150.73    220.34    217.50        1.44  L8192/16
rmsnorm    192   128256     363.91    363.21    363.42    412.44    401.91    367.92        1.01  L8192/16
softmax    256   128256     254.05    341.05    301.13    313.81    308.94    302.90        1.19  L8192/16
rmsnorm    256   128256     486.78    507.19    486.67    487.53    491.01    537.40        1.01  L8192/16
softmax    384   128256     428.13    441.34    457.72    457.63    459.26    510.46        1.07  L8192/16
rmsnorm    384   128256     735.72    771.86    749.88    741.58    779.47    775.58        1.05  L8192/16
softmax    512   128256     548.13    617.06    630.67    636.52    619.72    613.58        1.12  L8192/16
rmsnorm    512   128256    1036.98   1050.31   1047.14   1020.17   1024.10   1072.64        1.00  L8192/16
softmax    768   128256     849.00    934.07    992.05    985.79    958.26    998.40        1.13  L8192/16
rmsnorm    768   128256    1534.67   1554.94   1585.97   1598.57   1620.89   1621.50        1.06  L8192/16
softmax   1024   128256    1143.91   1285.22   1309.05   1368.88   1327.10   1321.16        1.15  L8192/16
rmsnorm   1024   128256    2020.25   2064.90   2122.32   2127.14   2127.16   2121.52        1.05  L8192/16
softmax      1   262144      28.56     37.27     65.01    103.80      3.69      3.69        0.13   S4096/8
rmsnorm      1   262144      31.13     37.58     66.97     78.54      3.69      3.69        0.12   S4096/8
softmax      2   262144      28.88     37.36     64.82    103.12      4.10      4.20        0.14   S4096/8
rmsnorm      2   262144      31.03     37.38     65.73     77.72      5.32      4.51        0.15   S4096/8
softmax      4   262144      28.77     37.48     65.23    103.93      5.22      5.22        0.18   S4096/8
rmsnorm      4   262144      31.53     37.68     66.25     78.34      5.81      5.89        0.18   S4096/8
softmax      8   262144      28.76     37.54     65.72    103.73      7.27      7.37        0.25   S4096/8
rmsnorm      8   262144      31.32     37.58     66.13     78.54      9.22      9.11        0.29   S4096/8
softmax     16   262144      29.16     37.99     65.33    105.46     10.96     11.26        0.38   S4096/8
rmsnorm     16   262144      31.33     37.89     66.53     79.13     15.32     15.67        0.49   S4096/8
softmax     32   262144      29.56     39.42     66.76    105.67     18.23     18.92        0.62   S4096/8
rmsnorm     32   262144      34.29     40.96     70.03     82.43     30.49     30.41        0.89   S4096/8
softmax     64   262144      48.64     61.19     90.29    109.66     52.49     55.28        1.08   S4096/8
rmsnorm     64   262144     232.96    187.79    230.37    249.24    232.04    237.95        1.24   S4096/8
softmax     80   262144     108.43     93.29    126.05    188.52    150.01    158.00        1.61  L8192/16
rmsnorm     80   262144     309.01    305.96    311.99    319.59    311.30    310.27        1.01  L8192/16
softmax     96   262144     204.08    167.53    169.16    221.59    222.91    220.33        1.32  L8192/16
rmsnorm     96   262144     373.25    374.87    394.75    377.24    374.99    372.22        1.00  L8192/16
softmax    128   262144     303.62    304.84    304.52    324.40    305.36    311.50        1.01  L8192/16
rmsnorm    128   262144     514.36    520.50    499.30    522.65    556.03    500.53        1.00  L8192/16
softmax    192   262144     447.59    470.31    477.59    473.60    469.48    470.52        1.05  L8192/16
rmsnorm    192   262144     788.68    807.83    786.02    795.24    822.78    822.99        1.05  L8192/16
softmax    256   262144     610.79    673.59    658.12    647.37    655.67    627.71        1.03  L8192/16
rmsnorm    256   262144    1085.85   1087.96   1071.17   1037.38   1091.69   1087.90        1.05  L8192/16
softmax    384   262144     969.52   1003.01   1012.28   1013.56    988.77    985.39        1.02  L8192/16
rmsnorm    384   262144    1583.70   1646.08   1638.20   1615.87   1632.46   1604.51        1.01  L8192/16
softmax    512   262144    1322.58   1307.30   1336.71   1343.90   1354.85   1349.10        1.03  L8192/16
rmsnorm    512   262144    2067.35   2110.03   2104.81   2090.60   2083.83   2066.84        1.00  L8192/16
softmax      1  1048576     106.56    139.16    254.97    409.59      5.22      5.53        0.05   S4096/8
rmsnorm      1  1048576     119.40    144.79    259.89    307.58      6.54      6.96        0.05   S4096/8
softmax      2  1048576     107.52    141.11    255.56    409.80      7.58      7.99        0.07   S4096/8
rmsnorm      2  1048576     119.30    144.56    253.34    303.31      9.73     10.14        0.08   S4096/8
softmax      4  1048576     107.72    143.55    258.65    411.34     11.65     11.88        0.11   S4096/8
rmsnorm      4  1048576     119.60    148.16    262.66    306.89     17.41     16.49        0.14   S4096/8
softmax      8  1048576     107.32    140.39    255.28    410.83     18.81     19.04        0.18   S4096/8
rmsnorm      8  1048576     121.34    146.02    269.28    321.84     31.54     32.15        0.26   S4096/8
softmax     16  1048576     126.46    180.12    303.82    517.00     52.12     49.34        0.39   S4096/8
rmsnorm     16  1048576     262.95    304.02    525.60    629.86    240.95    221.59        0.84   S4096/8
softmax     32  1048576     306.48    318.22    479.32    746.90    311.71    306.59        1.00   S4096/8
rmsnorm     32  1048576     499.67    511.98    647.17    733.98    498.27    502.97        1.00   S4096/8
softmax     64  1048576     627.00    624.13    646.82    860.74    622.99    621.98        1.00   S4096/8
rmsnorm     64  1048576    1026.76   1014.17   1021.91   1037.21   1015.71   1010.67        1.00   S4096/8
softmax     80  1048576     813.36    807.62    791.54    973.52    802.51    841.21        1.01  L8192/16
rmsnorm     80  1048576    1320.76   1321.34   1306.52   1295.01   1306.52   1306.01        1.01  L8192/16
softmax     96  1048576     951.60    952.63    974.44   1073.65    990.00    997.79        1.04  L8192/16
rmsnorm     96  1048576    1555.32   1526.99   1538.36   1536.10   1530.12   1560.03        1.00  L8192/16
softmax    128  1048576    1319.69   1284.06   1276.10   1274.78   1257.65   1254.71        0.98  L8192/16
rmsnorm    128  1048576    2102.98   2094.46   2151.63   2133.20   2089.68   2111.80        1.00  L8192/16

Summary over 332 operator-shape cells. The regret of a rule is its plan's
time over the best plan's time in the same cell, minus 1. Repeat runs differ by a few
percent in a typical cell and by more in about one cell in ten.

both operators: 332 cells
  rule                                                        mean  median     p90     max  cells over 10%
  current (4096-wide chunks for narrow rows with many rows)   5.4%   0.0%  18.5%  83.6%  51 of 332
  previous (2048-wide chunks from two rows per SM)          12.3%   3.3%  42.8%  98.9%  102 of 332
  no narrow rule (8192-wide chunks for every looped row)     7.0%   0.2%  23.1%  83.6%  71 of 332

softmax: 166 cells
  rule                                                        mean  median     p90     max  cells over 10%
  current (4096-wide chunks for narrow rows with many rows)   5.4%   0.0%  21.0%  70.6%  26 of 166
  previous (2048-wide chunks from two rows per SM)          11.1%   5.4%  34.3%  67.5%  58 of 166
  no narrow rule (8192-wide chunks for every looped row)     8.2%   1.2%  27.6%  70.6%  45 of 166

rmsnorm: 166 cells
  rule                                                        mean  median     p90     max  cells over 10%
  current (4096-wide chunks for narrow rows with many rows)   5.5%   0.0%  18.5%  83.6%  25 of 166
  previous (2048-wide chunks from two rows per SM)          13.5%   1.9%  57.9%  98.9%  44 of 166
  no narrow rule (8192-wide chunks for every looped row)     5.8%   0.1%  21.3%  83.6%  26 of 166

The current and previous rules choose different plans in 156 cells: the
current plan is at least 10% faster in 62 of them and at least 10% slower
in 12.

Best split plan over best looped plan by row count (below 1 the split wins), for the
widths where the rule may split: softmax above 8192, RMSNorm above 16384.
op        rows  cells  median  split wins  even  loop wins
softmax      1     10    0.40          10     0          0
softmax      2     10    0.46           8     1          1
softmax      4     10    0.43          10     0          0
softmax      8     10    0.48          10     0          0
softmax     16     10    0.56           9     0          1
softmax     32     10    0.81           7     2          1
softmax     64     10    0.99           3     3          4
softmax     80     10    1.08           2     2          6
softmax     96     10    0.88           6     2          2
softmax    128     10    1.02           2     5          3
softmax    192      9    1.03           1     6          2
softmax    256      9    1.04           1     5          3
softmax    384      9    1.15           0     1          8
softmax    512      9    1.16           0     1          8
softmax    768      8    1.43           0     0          8
softmax   1024      8    1.44           0     0          8
softmax   1536      7    1.47           0     0          7
softmax   2048      7    1.47           0     0          7
rmsnorm      1      8    0.25           7     1          0
rmsnorm      2      8    0.28           8     0          0
rmsnorm      4      8    0.32           8     0          0
rmsnorm      8      8    0.39           7     0          1
rmsnorm     16      8    0.66           8     0          0
rmsnorm     32      8    0.93           4     3          1
rmsnorm     64      8    1.09           1     3          4
rmsnorm     80      8    1.10           1     2          5
rmsnorm     96      8    1.05           1     3          4
rmsnorm    128      8    1.05           1     3          4
rmsnorm    192      7    1.09           1     2          4
rmsnorm    256      7    1.13           0     2          5
rmsnorm    384      7    1.26           0     1          6
rmsnorm    512      7    1.53           0     2          5
rmsnorm    768      6    1.61           0     0          6
rmsnorm   1024      6    1.61           0     0          6
rmsnorm   1536      5    1.62           0     0          5
rmsnorm   2048      5    1.63           0     0          5
(split wins and loop wins: by more than 5%; even: within 5%)
