80 SMs. Median microseconds per call; split/loop is the best split plan's time
over the best looped plan's, so a value below 1 means splitting wins.
op        rows    width   L8192/16   L4096/8   L2048/4   L1024/4   S2048/4   S4096/8  split/loop      auto
softmax      1    12288       4.10      3.17      4.29      5.53      2.97      3.24        0.94   S2048/4
rmsnorm      1    12288       2.87      3.04      3.69      4.10      2.63      2.86        0.92  L8192/16
softmax      2    12288       3.79      3.28      3.89      5.11      2.76      2.95        0.84   S2048/4
rmsnorm      2    12288       2.87      2.97      3.77      3.99      2.66      2.87        0.93  L8192/16
softmax      4    12288       3.79      3.34      3.99      5.11      2.76      2.96        0.83   S2048/4
rmsnorm      4    12288       2.87      2.97      3.76      4.10      3.17      2.94        1.02  L8192/16
softmax      8    12288       3.99      3.35      3.99      5.10      2.94      3.06        0.88   S2048/4
rmsnorm      8    12288       2.87      3.07      3.77      4.10      2.87      3.07        1.00  L8192/16
softmax     16    12288       3.87      3.38      3.98      5.11      3.48      3.17        0.94   S2048/4
rmsnorm     16    12288       2.66      3.07      3.38      4.17      3.14      3.28        1.18  L8192/16
softmax     32    12288       3.99      3.46      3.99      5.12      3.36      3.38        0.97   S2048/4
rmsnorm     32    12288       3.07      3.17      3.85      4.20      3.69      3.79        1.20  L8192/16
softmax     64    12288       3.88      3.28      3.79      4.81      3.99      4.10        1.22   S2048/4
rmsnorm     64    12288       3.58      3.69      4.20      4.51      4.81      4.92        1.34  L8192/16
softmax     80    12288       4.40      3.79      4.10      5.12      4.61      4.57        1.21   L4096/8
rmsnorm     80    12288       3.79      3.89      4.40      4.71      5.40      5.32        1.40   L4096/8
softmax     96    12288       5.43      4.29      4.81      5.73      4.59      4.81        1.07   L4096/8
rmsnorm     96    12288       4.71      4.40      5.12      5.12      5.94      5.94        1.35   L4096/8
softmax    128    12288       6.04      4.81      5.32      5.94      5.53      5.81        1.15   L4096/8
rmsnorm    128    12288       5.32      5.32      5.71      5.73      7.06      7.16        1.33   L4096/8
softmax    192    12288       8.29      6.45      6.96      7.99      7.15      7.33        1.11   L4096/8
rmsnorm    192    12288       7.68      7.07      7.65      7.37      9.32      9.30        1.32   L4096/8
softmax    256    12288      10.53      7.77      8.17      9.08      8.29      8.50        1.07   L4096/8
rmsnorm    256    12288      10.33      9.42      9.11      9.48     11.47     11.26        1.24   L4096/8
softmax    384    12288      13.21      9.61     10.24     11.03     11.14     11.47        1.16   L4096/8
rmsnorm    384    12288      13.19     13.49     13.41     12.90     15.52     15.16        1.17   L4096/8
softmax    512    12288      17.41     12.19     12.60     13.62     13.70     14.13        1.12   L4096/8
rmsnorm    512    12288      17.41     17.77     17.57     18.81     19.76     19.44        1.12   L4096/8
softmax    768    12288      24.17     16.47     16.69     17.40     18.83     19.46        1.14   L4096/8
rmsnorm    768    12288      26.32     26.01     27.61     26.73     31.23     30.82        1.19   L4096/8
softmax   1024    12288      31.03     21.40     21.28     23.04     26.01     26.73        1.22   L4096/8
rmsnorm   1024    12288     106.39     95.33     79.65     97.48    111.82    112.13        1.40   L4096/8
softmax   1536    12288     109.66    107.59     89.28     72.05    120.42    124.21        1.67   L4096/8
rmsnorm   1536    12288     173.88    171.08    179.10    170.59    277.71    276.48        1.62   L4096/8
softmax   2048    12288     157.69    153.05    177.36    171.42    229.04    233.84        1.50   L4096/8
rmsnorm   2048    12288     232.02    233.37    257.84    257.31    370.16    394.13        1.60   L4096/8
softmax      1    16384       3.79      3.79      4.78      6.34      3.28      2.97        0.78   S2048/4
rmsnorm      1    16384       3.07      3.48      4.40      5.30      2.66      2.97        0.87  L8192/16
softmax      2    16384       3.87      3.86      4.81      6.35      2.74      2.97        0.71   S2048/4
rmsnorm      2    16384       3.17      3.38      4.40      5.30      2.56      2.87        0.81  L8192/16
softmax      4    16384       3.79      3.79      4.71      6.25      2.76      2.96        0.73   S2048/4
rmsnorm      4    16384       3.17      3.38      4.47      5.28      2.82      2.87        0.89  L8192/16
softmax      8    16384       3.89      3.89      4.81      6.31      2.94      3.07        0.76   S2048/4
rmsnorm      8    16384       3.17      3.47      4.40      5.40      2.97      3.07        0.94  L8192/16
softmax     16    16384       3.89      3.89      4.71      6.32      3.17      3.24        0.82   S2048/4
rmsnorm     16    16384       3.25      3.48      4.51      5.41      3.37      3.48        1.04  L8192/16
softmax     32    16384       5.11      4.71      5.32      6.25      6.44      5.01        1.06   S2048/4
rmsnorm     32    16384       3.38      3.75      4.68      5.51      3.98      4.20        1.18  L8192/16
softmax     64    16384       4.37      4.20      4.92      6.35      4.61      5.10        1.10   S2048/4
rmsnorm     64    16384       4.10      4.20      5.02      5.63      5.71      5.73        1.39  L8192/16
softmax     80    16384       4.27      4.38      4.68      6.35      5.12      5.22        1.20   L4096/8
rmsnorm     80    16384       4.51      4.61      5.40      6.04      6.35      6.44        1.41   L4096/8
softmax     96    16384       5.84      5.63      6.33      7.88      5.62      5.84        1.00   L4096/8
rmsnorm     96    16384       5.73      5.63      6.14      6.63      7.17      7.48        1.27   L4096/8
softmax    128    16384       6.13      5.92      6.72      8.19      6.45      6.86        1.09   L4096/8
rmsnorm    128    16384       6.74      6.76      7.13      7.68      8.50      8.69        1.26   L4096/8
softmax    192    16384       8.79      8.08      8.60     10.00      8.40      8.50        1.04   L4096/8
rmsnorm    192    16384       9.82      9.01      9.42      9.71     11.47     11.57        1.27   L4096/8
softmax    256    16384      10.96      9.51     10.40     11.37     10.14     10.51        1.07   L4096/8
rmsnorm    256    16384      13.00     12.29     11.98     12.27     14.75     14.43        1.20   L4096/8
softmax    384    16384      13.93     11.98     13.21     14.13     13.62     14.13        1.14   L4096/8
rmsnorm    384    16384      17.00     16.90     17.48     16.59     19.86     19.35        1.17   L4096/8
softmax    512    16384      17.81     15.11     16.08     17.51     17.10     17.80        1.13   L4096/8
rmsnorm    512    16384      24.77     24.84     24.58     24.43     27.91     27.96        1.14   L4096/8
softmax    768    16384      24.68     21.20     22.12     23.86     25.80     26.62        1.22   L4096/8
rmsnorm    768    16384     100.35     85.71     78.52    103.12    113.15    112.92        1.44   L4096/8
softmax   1024    16384      46.28     44.13     37.89     40.94     55.71     56.22        1.47   L4096/8
rmsnorm   1024    16384     151.24    150.84    154.01    206.44    238.35    240.23        1.58   L4096/8
softmax   1536    16384     155.65    151.01    158.41    176.03    230.39    233.23        1.53   L4096/8
rmsnorm   1536    16384     231.29    231.83    257.95    292.04    369.05    376.42        1.60   L4096/8
softmax   2048    16384     210.31    208.44    215.71    255.77    317.24    308.33        1.48   L4096/8
rmsnorm   2048    16384     310.07    313.31    344.06    429.16    556.44    526.64        1.70   L4096/8
softmax      1    24576       4.51      4.81      6.45      8.70      5.22      4.28        0.95   S2048/4
rmsnorm      1    24576       4.20      4.71      6.03      7.17      2.73      2.96        0.65   S2048/4
softmax      2    24576       4.51      4.81      6.43      8.70      2.84      2.97        0.63   S2048/4
rmsnorm      2    24576       4.20      4.71      6.00      7.07      2.66      2.92        0.63   S2048/4
softmax      4    24576       4.51      4.81      6.43      8.70      2.87      3.76        0.64   S2048/4
rmsnorm      4    24576       4.28      4.71      5.94      7.17      2.87      3.07        0.67   S2048/4
softmax      8    24576       4.98      5.43      6.76      8.70      3.05      3.17        0.61   S2048/4
rmsnorm      8    24576       4.20      4.78      6.04      7.23      3.15      3.27        0.75   S2048/4
softmax     16    24576       4.59      4.92      6.45      8.70      3.55      3.48        0.76   S2048/4
rmsnorm     16    24576       4.05      4.81      6.12      7.33      3.69      3.48        0.86   S2048/4
softmax     32    24576       4.71      5.02      6.55      8.77      4.17      4.20        0.89   S2048/4
rmsnorm     32    24576       4.81      5.19      6.25      7.37      4.71      4.81        0.98   S2048/4
softmax     64    24576       5.32      5.39      6.55      8.81      5.61      5.73        1.05   S2048/4
rmsnorm     64    24576       5.84      6.04      7.13      7.88      7.36      7.55        1.26   S2048/4
softmax     80    24576       5.61      5.72      6.86      8.87      6.54      6.55        1.17   L4096/8
rmsnorm     80    24576       6.34      6.66      7.86      8.60      8.38      8.40        1.32   L4096/8
softmax     96    24576       8.19      7.88      9.22     12.08      7.07      7.27        0.90   L4096/8
rmsnorm     96    24576       7.87      7.68      8.67      9.28      9.11      9.01        1.17   L4096/8
softmax    128    24576       9.09      8.09      9.63     12.39      9.01      8.50        1.05   L4096/8
rmsnorm    128    24576       9.83      9.83     10.24     10.65     11.34     11.45        1.15   L4096/8
softmax    192    24576      11.44     10.55     11.78     13.80     11.24     11.16        1.06   L4096/8
rmsnorm    192    24576      15.85     13.72     13.82     13.72     15.56     15.46        1.13   L4096/8
softmax    256    24576      14.44     12.97     14.64     15.77     13.52     13.72        1.04   L4096/8
rmsnorm    256    24576      17.10     17.92     17.41     16.79     19.35     19.35        1.15   L4096/8
softmax    384    24576      18.53     16.79     18.84     20.79     19.05     19.62        1.13   L4096/8
rmsnorm    384    24576      27.24     27.32     28.67     28.16     31.54     30.92        1.14   L4096/8
softmax    512    24576      24.06     21.81     23.65     26.62     25.91     26.52        1.19   L4096/8
rmsnorm    512    24576      98.47     80.67     82.33    103.42    112.84    114.07        1.40   L4096/8
softmax    768    24576     106.80     89.19     63.18     61.54    122.16    124.42        1.99   L4096/8
rmsnorm    768    24576     176.12    184.01    261.53    276.07    288.26    282.83        1.61   L4096/8
softmax   1024    24576     153.80    150.82    173.36    202.96    229.17    230.09        1.52   L4096/8
rmsnorm   1024    24576     228.24    246.89    337.31    345.80    370.58    373.54        1.62   L4096/8
softmax   1536    24576     235.52    242.69    280.17    311.66    353.38    355.01        1.50   L4096/8
rmsnorm   1536    24576     350.48    379.96    570.16    553.85    608.77    569.86        1.63   L4096/8
softmax   2048    24576     310.58    321.23    381.75    444.01    467.65    466.59        1.50   L4096/8
rmsnorm   2048    24576     467.32    510.67    698.88    731.34    761.24    756.94        1.62   L4096/8
softmax      1    28672       5.79      5.32      7.58     10.44      2.76      2.97        0.52   S2048/4
rmsnorm      1    28672       4.98      4.92      8.70      8.38      2.56      2.87        0.52   S2048/4
softmax      2    28672       5.73      5.32      7.64     10.44      3.26      3.17        0.60   S2048/4
rmsnorm      2    28672       5.02      4.92      8.70      8.40      2.76      2.93        0.56   S2048/4
softmax      4    28672       5.73      5.31      7.58     10.44      3.38      3.07        0.58   S2048/4
rmsnorm      4    28672       4.92      5.01      8.81      8.39      2.87      3.14        0.58   S2048/4
softmax      8    28672       5.73      5.30      7.58     10.42      3.07      3.17        0.58   S2048/4
rmsnorm      8    28672       4.69      4.69      8.80      7.99      2.87      2.97        0.61   S2048/4
softmax     16    28672       5.82      5.32      7.58     10.41      3.48      3.58        0.65   S2048/4
rmsnorm     16    28672       5.02      5.02      8.58      8.40      3.89      3.97        0.78   S2048/4
softmax     32    28672       5.94      5.51      7.74     10.55      4.30      4.40        0.78   S2048/4
rmsnorm     32    28672       5.20      5.40      8.98      8.60      5.12      5.32        0.98   S2048/4
softmax     64    28672       6.55      6.04      7.78     10.65      6.14      6.24        1.02   S2048/4
rmsnorm     64    28672       6.72      6.76      9.73      9.29      8.09      8.19        1.20   S2048/4
softmax     80    28672       6.86      6.35      8.15     10.55      6.96      7.17        1.10   L4096/8
rmsnorm     80    28672       7.66      7.78     10.34     10.04      9.09      9.20        1.19   L4096/8
softmax     96    28672      10.34      8.81     10.24     14.03      7.68      7.88        0.87   L4096/8
rmsnorm     96    28672       9.28      9.22     10.85     10.84     10.34     10.34        1.12   L4096/8
softmax    128    28672      10.85      9.18     10.82     14.62      9.80      9.93        1.07   L4096/8
rmsnorm    128    28672      11.47     11.34     12.05     12.19     12.70     12.98        1.12   L4096/8
softmax    192    28672      14.75     11.98     13.62     15.87     12.58     12.80        1.05   L4096/8
rmsnorm    192    28672      16.08     15.87     15.36     15.77     17.47     17.50        1.14   L4096/8
softmax    256    28672      18.53     15.22     16.79     18.82     15.56     15.86        1.02   L4096/8
rmsnorm    256    28672      22.52     21.09     20.58     20.28     22.84     22.53        1.11   L4096/8
softmax    384    28672      23.35     19.56     22.09     24.47     22.43     23.20        1.15   L4096/8
rmsnorm    384    28672      32.87     35.23     36.63     38.20     56.01     43.11        1.31   L4096/8
softmax    512    28672      33.15     27.34     29.46     32.95     32.66     34.30        1.19   L4096/8
rmsnorm    512    28672     129.33    125.73     98.70    171.30    175.72    175.58        1.78   L4096/8
softmax    768    28672     127.49    125.13    132.71    129.64    179.28    185.14        1.43   L4096/8
rmsnorm    768    28672     198.44    209.59    318.13    323.14    326.45    324.20        1.63   L4096/8
softmax   1024    28672     182.94    185.92    216.06    257.13    267.75    270.32        1.46   L4096/8
rmsnorm   1024    28672     268.19    281.29    426.80    405.40    436.33    437.25        1.63   L4096/8
softmax   1536    28672     276.07    280.68    348.64    380.11    409.91    409.29        1.48   L4096/8
rmsnorm   1536    28672     408.68    430.68    639.06    645.73    702.26    707.16        1.72   L4096/8
softmax   2048    28672     368.84    376.61    477.26    525.82    549.57    551.32        1.49   L4096/8
rmsnorm   2048    28672     583.48    584.88   1000.54    828.52    914.74    941.77        1.57   L4096/8
softmax      1    32000       5.73      6.76     10.04     12.87      2.76      2.97        0.48   S2048/4
rmsnorm      1    32000       5.30      6.52      9.83     12.29      2.66      2.87        0.50   S2048/4
softmax      2    32000       5.83      6.82     10.03     12.87      2.85      2.97        0.49   S2048/4
rmsnorm      2    32000       5.32      6.55      9.80     12.28      2.82      2.95        0.53   S2048/4
softmax      4    32000       5.79      6.76     10.00     12.80      2.87      3.07        0.50   S2048/4
rmsnorm      4    32000       5.32      6.66     10.04     12.29      2.87      3.07        0.54   S2048/4
softmax      8    32000       5.73      6.82      9.93     12.90      3.17      3.17        0.55   S2048/4
rmsnorm      8    32000       5.30      6.66     10.04     12.39      3.28      3.38        0.62   S2048/4
softmax     16    32000       5.84      6.84      9.93     12.90      3.57      3.79        0.61   S2048/4
rmsnorm     16    32000       5.41      6.66     10.20     12.39      3.99      4.16        0.74   S2048/4
softmax     32    32000       5.94      6.93     10.04     13.00      4.81      4.60        0.77   S2048/4
rmsnorm     32    32000       5.63      6.96     10.30     12.60      5.40      5.63        0.96   S2048/4
softmax     64    32000       6.76      7.46     10.24     13.10      6.64      6.96        0.98   S2048/4
rmsnorm     64    32000       7.37      8.19     10.85     12.90      8.60      8.79        1.17   S2048/4
softmax     80    32000       7.07      7.88     10.34     13.00      7.58      7.68        1.07  L8192/16
rmsnorm     80    32000       8.60      9.18     11.37     13.11      9.83      9.89        1.14  L8192/16
softmax     96    32000      10.42     10.64     12.67     16.18      8.38      8.50        0.80  L8192/16
rmsnorm     96    32000      10.11     10.74     12.26     14.03     11.26     11.37        1.11  L8192/16
softmax    128    32000      10.65     10.83     13.11     16.59     10.04     10.31        0.94  L8192/16
rmsnorm    128    32000      12.80     12.90     13.70     14.92     14.23     14.42        1.11  L8192/16
softmax    192    32000      15.03     14.34     16.28     19.03     13.52     14.01        0.94  L8192/16
rmsnorm    192    32000      17.72     17.41     17.61     18.43     19.23     19.35        1.10  L8192/16
softmax    256    32000      18.84     17.72     19.87     21.71     16.96     17.60        0.96  L8192/16
rmsnorm    256    32000      26.62     25.19     24.47     24.64     27.65     27.93        1.13  L8192/16
softmax    384    32000      23.96     22.94     25.60     28.67     25.40     26.21        1.11  L8192/16
rmsnorm    384    32000      67.17     51.81     48.10     56.12    103.63    102.40        2.13  L8192/16
softmax    512    32000      35.11     32.77     36.35     38.49     38.81     39.81        1.18  L8192/16
rmsnorm    512    32000     145.72    185.94    204.39    214.18    228.35    225.79        1.55  L8192/16
softmax    768    32000     146.64    151.73    193.08    201.63    221.29    221.08        1.51  L8192/16
rmsnorm    768    32000     222.82    276.79    358.87    365.77    362.39    364.63        1.63  L8192/16
softmax   1024    32000     206.22    216.14    262.85    297.57    302.98    302.28        1.47  L8192/16
rmsnorm   1024    32000     300.23    404.17    489.78    488.55    538.93    490.80        1.63  L8192/16
softmax   1536    32000     308.33    322.64    428.85    432.33    462.13    458.75        1.49  L8192/16
rmsnorm   1536    32000     556.24    772.61    896.20    903.68    883.18    923.96        1.59  L8192/16
softmax   2048    32000     419.80    492.13    656.28    709.10    783.87    775.37        1.85  L8192/16
rmsnorm   2048    32000     802.82   1104.69   1251.72   1214.98   1180.26   1290.23        1.47  L8192/16
softmax      1    50257      12.08     14.64     22.49     30.11      3.17      3.28        0.26   S2048/4
rmsnorm      1    50257      18.84     19.35     22.31     31.74      3.14      3.55        0.17   S2048/4
softmax      2    50257      12.14     14.64     22.43     30.18      3.69      3.39        0.28   S2048/4
rmsnorm      2    50257      19.97     19.97     22.39     32.15      3.27      3.58        0.16   S2048/4
softmax      4    50257      12.08     14.62     22.39     30.07      3.35      3.48        0.28   S2048/4
rmsnorm      4    50257      19.93     20.17     22.39     31.92      4.19      3.99        0.20   S2048/4
softmax      8    50257      12.19     14.75     22.53     30.29      3.89      3.99        0.32   S2048/4
rmsnorm      8    50257      20.56     21.40     23.33     32.67      4.61      5.12        0.22   S2048/4
softmax     16    50257      12.18     14.95     22.63     30.30      5.22      5.53        0.43   S2048/4
rmsnorm     16    50257      20.48     21.40     23.22     32.87      6.25      6.55        0.31   S2048/4
softmax     32    50257      12.39     14.95     22.62     30.21      7.75      8.08        0.63   S2048/4
rmsnorm     32    50257      20.68     21.50     23.24     32.87      9.93      9.80        0.47   S2048/4
softmax     64    50257      15.46     16.38     22.84     30.52     12.90     13.21        0.83   S2048/4
rmsnorm     64    50257      23.04     21.71     23.65     33.86     15.25     16.28        0.70   S2048/4
softmax     80    50257      16.79     17.51     23.42     30.52     15.26     15.87        0.91  L8192/16
rmsnorm     80    50257      23.53     22.42     24.35     33.38     18.23     18.64        0.81  L8192/16
softmax     96    50257      27.85     23.45     26.80     33.27     17.88     18.43        0.76  L8192/16
rmsnorm     96    50257      38.60     36.23     34.41     39.42     21.09     21.71        0.61  L8192/16
softmax    128    50257      29.06     27.01     30.11     33.86     22.84     23.45        0.85  L8192/16
rmsnorm    128    50257      39.93     36.45     34.82     39.73     26.80     27.52        0.77  L8192/16
softmax    192    50257      42.50     37.34     39.18     43.00     32.77     34.29        0.88  L8192/16
rmsnorm    192    50257      57.71     51.92     50.07     51.71     40.55     41.47        0.81  L8192/16
softmax    256    50257      55.81     50.18     52.53     56.19     44.03     45.24        0.88  L8192/16
rmsnorm    256    50257     112.12    107.93     81.71     84.79    110.07    111.48        1.35  L8192/16
softmax    384    50257     115.08     80.37     85.79     96.15    113.77    114.26        1.42  L8192/16
rmsnorm    384    50257     185.81    218.70    284.88    284.88    290.74    287.54        1.55  L8192/16
softmax    512    50257     198.42    235.19    250.37    215.44    265.73    244.53        1.23  L8192/16
rmsnorm    512    50257     304.74    374.78    430.28    436.22    485.66    487.93        1.59  L8192/16
softmax    768    50257     244.63    355.74    442.78    465.92    462.44    448.82        1.83  L8192/16
rmsnorm    768    50257     496.44    597.37    681.26    747.01    737.28    721.41        1.45  L8192/16
softmax   1024    50257     355.02    371.51    564.33    680.72    533.40    611.84        1.50  L8192/16
rmsnorm   1024    50257     568.73    779.88    954.96    950.06    946.18    938.09        1.65  L8192/16
softmax   1536    50257     486.81    492.84    746.19    843.88    738.41    731.12        1.50  L8192/16
rmsnorm   1536    50257     737.18   1024.82   1213.82   1260.54   1311.74   1292.60        1.75  L8192/16
softmax   2048    50257     725.40    724.38   1196.84   1268.33   1197.63   1105.72        1.53  L8192/16
rmsnorm   2048    50257    1157.80   1549.72   1805.58   1839.51   1897.27   1857.43        1.60  L8192/16
softmax      1    65536       8.60     11.06     17.60     27.24      2.92      3.47        0.34   S2048/4
rmsnorm      1    65536       9.21     10.71     17.61     20.44      2.87      2.97        0.31   S2048/4
softmax      2    65536       8.98     11.16     17.61     27.14      2.97      3.15        0.33   S2048/4
rmsnorm      2    65536       9.18     10.75     17.79     20.76      3.62      3.60        0.39   S2048/4
softmax      4    65536       8.91     10.75     17.48     27.03      3.17      3.27        0.36   S2048/4
rmsnorm      4    65536       9.11     10.75     18.00     20.79      3.37      3.48        0.37   S2048/4
softmax      8    65536       9.01     11.16     17.61     27.20      3.69      3.79        0.41   S2048/4
rmsnorm      8    65536       8.91     10.75     18.09     20.96      3.96      4.16        0.44   S2048/4
softmax     16    65536       9.11     11.26     17.61     27.24      4.78      4.60        0.51   S2048/4
rmsnorm     16    65536       9.32     10.83     17.51     20.28      5.90      5.53        0.59   S2048/4
softmax     32    65536       9.32     11.43     17.82     27.34      6.66      6.73        0.71   S2048/4
rmsnorm     32    65536      10.34     11.06     18.80     21.09      9.30      8.60        0.83   S2048/4
softmax     64    65536      11.06     12.29     18.32     27.44     10.24     10.34        0.93   S2048/4
rmsnorm     64    65536      13.62     14.34     19.82     22.02     14.34     14.21        1.04   S2048/4
softmax     80    65536      11.97     13.11     18.33     27.44     11.88     12.19        0.99  L8192/16
rmsnorm     80    65536      15.86     16.08     20.97     22.53     16.96     17.10        1.07  L8192/16
softmax     96    65536      17.07     16.88     21.07     28.64     13.72     14.03        0.81  L8192/16
rmsnorm     96    65536      24.37     20.06     23.24     24.99     20.07     20.03        1.00  L8192/16
softmax    128    65536      17.92     18.33     22.12     29.29     17.28     17.70        0.96  L8192/16
rmsnorm    128    65536      27.55     27.24     28.05     28.77     27.65     27.55        1.01  L8192/16
softmax    192    65536      26.18     25.25     29.59     35.72     26.42     26.42        1.05  L8192/16
rmsnorm    192    65536      91.96     54.68     59.29     61.91    114.69    114.06        2.09  L8192/16
softmax    256    65536      41.37     40.04     45.33     49.55     48.74     51.61        1.22  L8192/16
rmsnorm    256    65536     152.68    222.62    232.76    261.94    290.29    238.69        1.56  L8192/16
softmax    384    65536     156.46    181.52    226.92    199.13    224.56    227.93        1.44  L8192/16
rmsnorm    384    65536     226.51    367.10    371.92    369.76    374.48    402.53        1.65  L8192/16
softmax    512    65536     218.83    260.71    309.76    306.03    397.62    314.76        1.44  L8192/16
rmsnorm    512    65536     312.83    496.95    639.28    499.81    501.25    536.06        1.60  L8192/16
softmax    768    65536     326.74    461.20    553.47    501.04    496.23    606.82        1.52  L8192/16
rmsnorm    768    65536     523.88    796.23    913.07    910.23    893.95    872.55        1.67  L8192/16
softmax   1024    65536     486.71    616.02    666.83    634.88    779.16    772.69        1.59  L8192/16
rmsnorm   1024    65536     667.85   1116.16   1065.16   1133.77   1108.17   1103.67        1.65  L8192/16
softmax   1536    65536     738.10    991.54   1054.00   1075.81   1062.79   1032.57        1.40  L8192/16
rmsnorm   1536    65536    1030.76   1773.95   1801.01   1809.92   1830.47   1839.17        1.78  L8192/16
softmax   2048    65536     990.49   1392.11   1465.45   1514.28   1489.39   1504.05        1.50  L8192/16
rmsnorm   2048    65536    1328.54   2139.96   2232.73   2211.09   2266.52   2259.56        1.70  L8192/16
softmax      1   128256      17.88     22.01     38.17     54.58      3.28      3.69        0.18   S4096/8
rmsnorm      1   128256      16.49     21.40     34.20     64.10      3.17      3.14        0.19   S4096/8
softmax      2   128256      17.98     21.91     38.91     54.48      6.44      4.30        0.24   S4096/8
rmsnorm      2   128256      16.38     21.36     34.20     50.14      3.57      3.58        0.22   S4096/8
softmax      4   128256      17.92     21.81     38.08     55.81      3.89      3.69        0.21   S4096/8
rmsnorm      4   128256      16.38     21.20     34.71     45.16      4.30      4.26        0.26   S4096/8
softmax      8   128256      17.98     22.43     38.27     56.73      5.12      4.71        0.26   S4096/8
rmsnorm      8   128256      16.49     21.50     34.61     44.65      5.73      5.69        0.35   S4096/8
softmax     16   128256      18.02     22.49     38.19     54.99      7.07      6.86        0.38   S4096/8
rmsnorm     16   128256      16.18     21.48     34.68     44.42      8.81      8.91        0.54   S4096/8
softmax     32   128256      18.32     22.94     38.40     55.09     10.65     10.42        0.57   S4096/8
rmsnorm     32   128256      16.87     22.38     35.74     45.06     14.51     14.43        0.86   S4096/8
softmax     64   128256      20.85     23.85     38.81     56.63     17.51     17.51        0.84   S4096/8
rmsnorm     64   128256      26.92     29.70     40.04     48.13     28.06     27.65        1.03   S4096/8
softmax     80   128256      23.45     25.98     40.04     56.30     22.22     21.40        0.91  L8192/16
rmsnorm     80   128256      33.18     34.61     41.88     50.48     36.34     35.33        1.06  L8192/16
softmax     96   128256      32.53     36.04     45.67     59.39     25.70     25.80        0.79  L8192/16
rmsnorm     96   128256      58.27     59.49     74.85    125.24    107.32    104.24        1.79  L8192/16
softmax    128   128256      37.88     39.63     50.07     62.36     41.37     39.32        1.04  L8192/16
rmsnorm    128   128256     255.69    176.33    159.71    231.53    288.32    283.31        1.77  L8192/16
softmax    192   128256     218.83    206.54    226.51    186.37    270.44    261.08        1.40  L8192/16
rmsnorm    192   128256     464.58    411.42    411.24    461.21    482.09    458.04        1.11  L8192/16
softmax    256   128256     311.19    387.79    395.74    362.80    357.68    398.23        1.15  L8192/16
rmsnorm    256   128256     570.12    585.51    534.43    547.81    585.01    573.44        1.07  L8192/16
softmax    384   128256     399.97    503.71    489.37    502.17    514.56    534.00        1.29  L8192/16
rmsnorm    384   128256     815.39    832.41    815.92    795.55    856.25    794.11        1.00  L8192/16
softmax    512   128256     607.33    687.41    690.28    725.30    707.07    711.17        1.16  L8192/16
rmsnorm    512   128256    1185.24   1268.63   1231.16   1227.47   1196.65   1266.28        1.01  L8192/16
softmax    768   128256     996.35   1038.82   1163.78   1124.76   1176.99   1171.85        1.18  L8192/16
rmsnorm    768   128256    1815.76   1926.66   1846.27   1995.98   1922.36   1943.65        1.06  L8192/16
softmax   1024   128256    1193.35   1335.87   1297.90   1364.89   1407.59   1339.19        1.12  L8192/16
rmsnorm   1024   128256    1989.32   2044.63   2097.46   2143.44   2133.50   2082.71        1.05  L8192/16
softmax      1   262144      29.39     37.36     65.29    103.73      4.20      4.81        0.14   S4096/8
rmsnorm      1   262144      32.35     37.99     67.65     79.36      5.10      4.39        0.14   S4096/8
softmax      2   262144      28.57     37.27     64.72    103.21      4.10      4.67        0.14   S4096/8
rmsnorm      2   262144      32.36     38.91     69.94     79.26      6.25      5.73        0.18   S4096/8
softmax      4   262144      30.58     38.09     65.72    104.35      7.68      9.01        0.25   S4096/8
rmsnorm      4   262144      31.81     37.38     64.57     78.01      6.66      5.94        0.19   S4096/8
softmax      8   262144      29.55     37.99     66.36    106.50      8.60      8.81        0.29   S4096/8
rmsnorm      8   262144      32.36     38.77     68.10     79.46     10.30     10.24        0.32   S4096/8
softmax     16   262144      29.39     38.80     66.45    106.39     11.88     12.60        0.40   S4096/8
rmsnorm     16   262144      32.05     39.01     67.48     81.92     16.66     16.17        0.50   S4096/8
softmax     32   262144      30.10     39.53     66.53    104.35     18.53     18.74        0.62   S4096/8
rmsnorm     32   262144      33.79     41.16     70.14     82.94     30.41     30.92        0.90   S4096/8
softmax     64   262144      46.28     51.92     71.78    105.88     44.32     45.77        0.96   S4096/8
rmsnorm     64   262144     213.20    134.86    196.61    237.26    240.54    235.83        1.75   S4096/8
softmax     80   262144     101.68     95.54    126.77    189.01    158.62    163.94        1.66  L8192/16
rmsnorm     80   262144     308.31    352.46    315.29    318.13    313.73    313.24        1.02  L8192/16
softmax     96   262144     197.94    175.82    167.32    228.86    219.95    217.67        1.30  L8192/16
rmsnorm     96   262144     394.65    369.97    394.33    390.65    406.92    371.40        1.00  L8192/16
softmax    128   262144     341.40    338.84    302.28    306.59    313.45    339.52        1.04  L8192/16
rmsnorm    128   262144     548.66    536.96    549.27    519.68    575.76    541.59        1.04  L8192/16
softmax    192   262144     503.80    527.36    513.70    503.98    465.61    501.45        0.92  L8192/16
rmsnorm    192   262144     789.81    805.79    783.26    790.22    819.00    795.85        1.02  L8192/16
softmax    256   262144     612.66    678.71    667.65    627.71    632.93    712.50        1.03  L8192/16
rmsnorm    256   262144    1178.01   1103.97   1104.37   1080.63   1151.59   1085.44        1.00  L8192/16
softmax    384   262144    1015.91   1092.71   1058.10   1106.64   1123.93   1078.89        1.06  L8192/16
rmsnorm    384   262144    1601.43   1647.31   1621.40   1631.95   1646.49   1596.21        1.00  L8192/16
softmax    512   262144    1358.44   1402.57   1390.80   1380.15   1380.66   1360.28        1.00  L8192/16
rmsnorm    512   262144    2258.64   2284.85   2284.83   2262.94   2255.01   2329.91        1.00  L8192/16
softmax      1  1048576     116.33    141.72    266.00    434.99      8.70      6.63        0.06   S4096/8
rmsnorm      1  1048576     135.27    150.53    296.86    308.94     11.78     11.87        0.09   S4096/8
softmax      2  1048576     111.10    149.18    273.70    440.79      8.81     10.14        0.08   S4096/8
rmsnorm      2  1048576     123.77    146.53    271.46    317.30     10.14     10.44        0.08   S4096/8
softmax      4  1048576     107.93    147.76    262.31    429.56     14.50     14.21        0.13   S4096/8
rmsnorm      4  1048576     121.22    148.89    274.02    329.52     17.41     17.61        0.14   S4096/8
softmax      8  1048576     111.31    142.23    260.71    465.00     21.91     20.99        0.19   S4096/8
rmsnorm      8  1048576     123.27    151.65    264.19    315.90     33.08     32.43        0.26   S4096/8
softmax     16  1048576     183.30    148.07    263.15    434.44     49.02     50.06        0.33   S4096/8
rmsnorm     16  1048576     248.52    343.04    522.44    710.04    234.50    236.82        0.94   S4096/8
softmax     32  1048576     306.59    372.33    575.69    802.00    332.90    347.85        1.09   S4096/8
rmsnorm     32  1048576     552.45    558.80    724.95    892.59    582.66    533.71        0.97   S4096/8
softmax     64  1048576     698.26    645.02    719.43    944.74    754.69    711.37        1.10   S4096/8
rmsnorm     64  1048576    1229.82   1218.25   1164.60   1266.28   1143.60   1217.13        0.98   S4096/8
softmax     80  1048576     918.94    880.74    962.05   1074.69   1000.04   1028.92        1.14  L8192/16
rmsnorm     80  1048576    1333.35   1407.58   1423.87   1393.36   1388.65   1372.57        1.03  L8192/16
softmax     96  1048576    1033.22    998.59   1026.63   1126.60   1008.95   1071.00        1.01  L8192/16
rmsnorm     96  1048576    1600.81   1596.52   1655.30   1663.28   1641.57   1610.96        1.01  L8192/16
softmax    128  1048576    1537.95   1520.84   1515.60   1533.73   1588.12   1549.62        1.02  L8192/16
rmsnorm    128  1048576    2340.21   2352.23   2329.70   2314.00   2377.52   2471.32        1.03  L8192/16

Summary over 332 operator-shape cells. The regret of a rule is its plan's
time over the best plan's time in the same cell, minus 1. Repeat runs differ by a few
percent in a typical cell and by more in about one cell in ten.

both operators: 332 cells
  rule                                                        mean  median     p90     max  cells over 10%
  current (4096-wide chunks for narrow rows with many rows)   5.2%   0.0%  15.4%  83.0%  50 of 332
  previous (2048-wide chunks from two rows per SM)          12.8%   3.6%  48.0% 104.4%  114 of 332
  no narrow rule (8192-wide chunks for every looped row)     7.2%   0.0%  24.0%  83.0%  77 of 332

softmax: 166 cells
  rule                                                        mean  median     p90     max  cells over 10%
  current (4096-wide chunks for narrow rows with many rows)   4.9%   0.0%  16.5%  55.7%  31 of 166
  previous (2048-wide chunks from two rows per SM)          12.0%   6.7%  29.4%  81.0%  71 of 166
  no narrow rule (8192-wide chunks for every looped row)     8.6%   2.0%  26.6%  73.5%  53 of 166

rmsnorm: 166 cells
  rule                                                        mean  median     p90     max  cells over 10%
  current (4096-wide chunks for narrow rows with many rows)   5.5%   0.0%  15.4%  83.0%  19 of 166
  previous (2048-wide chunks from two rows per SM)          13.5%   1.2%  59.5% 104.4%  43 of 166
  no narrow rule (8192-wide chunks for every looped row)     5.8%   0.0%  20.4%  83.0%  24 of 166

The current and previous rules choose different plans in 156 cells: the
current plan is at least 10% faster in 68 of them and at least 10% slower
in 11.

Best split plan over best looped plan by row count (below 1 the split wins), for the
widths where the rule may split: softmax above 8192, RMSNorm above 16384.
op        rows  cells  median  split wins  even  loop wins
softmax      1     10    0.41          10     0          0
softmax      2     10    0.41          10     0          0
softmax      4     10    0.43          10     0          0
softmax      8     10    0.48          10     0          0
softmax     16     10    0.56          10     0          0
softmax     32     10    0.78           7     1          2
softmax     64     10    1.00           3     3          4
softmax     80     10    1.12           2     1          7
softmax     96     10    0.88           6     2          2
softmax    128     10    1.04           2     4          4
softmax    192      9    1.05           3     3          3
softmax    256      9    1.04           1     4          4
softmax    384      9    1.15           0     0          9
softmax    512      9    1.18           0     1          8
softmax    768      8    1.47           0     0          8
softmax   1024      8    1.47           0     0          8
softmax   1536      7    1.50           0     0          7
softmax   2048      7    1.50           0     0          7
rmsnorm      1      8    0.25           8     0          0
rmsnorm      2      8    0.31           8     0          0
rmsnorm      4      8    0.31           8     0          0
rmsnorm      8      8    0.39           8     0          0
rmsnorm     16      8    0.67           8     0          0
rmsnorm     32      8    0.93           4     4          0
rmsnorm     64      8    1.11           1     3          4
rmsnorm     80      8    1.07           1     2          5
rmsnorm     96      8    1.06           1     3          4
rmsnorm    128      8    1.08           1     3          4
rmsnorm    192      7    1.11           1     1          5
rmsnorm    256      7    1.13           0     1          6
rmsnorm    384      7    1.31           0     2          5
rmsnorm    512      7    1.55           0     2          5
rmsnorm    768      6    1.62           0     0          6
rmsnorm   1024      6    1.63           0     1          5
rmsnorm   1536      5    1.72           0     0          5
rmsnorm   2048      5    1.60           0     0          5
(split wins and loop wins: by more than 5%; even: within 5%)
