========= COMPUTE-SANITIZER
ok  add
ok  row_sum, single block
ok  softmax, single block
ok  rmsnorm, single block
ok  row_sum, looped, few rows (8192-wide chunks)
ok  softmax, looped, few rows (8192-wide chunks)
ok  rmsnorm, looped, few rows (8192-wide chunks)
ok  row_sum, looped, many rows (2048-wide chunks)
ok  softmax, looped, many rows (2048-wide chunks)
ok  rmsnorm, looped, many rows (2048-wide chunks)
ok  matmul, fixed tile
ok  matmul, BM: 32, BN: 64, BK: 32, GROUP_M: 1, num_warps: 4, num_ctas: 1, num_stages: 2, maxnreg: None
ok  matmul, BM: 64, BN: 64, BK: 32, GROUP_M: 8, num_warps: 4, num_ctas: 1, num_stages: 3, maxnreg: None
ok  matmul, BM: 64, BN: 128, BK: 32, GROUP_M: 8, num_warps: 4, num_ctas: 1, num_stages: 4, maxnreg: None
ok  matmul, BM: 128, BN: 64, BK: 32, GROUP_M: 8, num_warps: 4, num_ctas: 1, num_stages: 4, maxnreg: None
ok  matmul, BM: 64, BN: 64, BK: 64, GROUP_M: 8, num_warps: 4, num_ctas: 1, num_stages: 3, maxnreg: None
ok  matmul, BM: 128, BN: 128, BK: 32, GROUP_M: 8, num_warps: 8, num_ctas: 1, num_stages: 3, maxnreg: None
ok  matmul, BM: 128, BN: 128, BK: 64, GROUP_M: 8, num_warps: 8, num_ctas: 1, num_stages: 2, maxnreg: None
ok  matmul, BM: 128, BN: 256, BK: 32, GROUP_M: 8, num_warps: 8, num_ctas: 1, num_stages: 3, maxnreg: None
ok  custom op softmax
all kernel paths passed
========= ERROR SUMMARY: 0 errors
